current directory: /home/ubuntu/tms/vendor/bundle/ruby/3.2.0/gems/date-3.5.0/ext/date
/home/ubuntu/.rbenv/versions/3.2.4/bin/ruby extconf.rb
checking for rb_category_warn()... yes
checking for timezone in time.h with  -Werror... yes
checking for altzone in time.h with  -Werror... no
creating Makefile

current directory: /home/ubuntu/tms/vendor/bundle/ruby/3.2.0/gems/date-3.5.0/ext/date
make DESTDIR\= sitearchdir\=./.gem.20260118-1341401-yk0s70 sitelibdir\=./.gem.20260118-1341401-yk0s70 clean

current directory: /home/ubuntu/tms/vendor/bundle/ruby/3.2.0/gems/date-3.5.0/ext/date
make DESTDIR\= sitearchdir\=./.gem.20260118-1341401-yk0s70 sitelibdir\=./.gem.20260118-1341401-yk0s70
compiling date_core.c
compiling date_parse.c
compiling date_strftime.c
compiling date_strptime.c
linking shared-object date_core.so

current directory: /home/ubuntu/tms/vendor/bundle/ruby/3.2.0/gems/date-3.5.0/ext/date
make DESTDIR\= sitearchdir\=./.gem.20260118-1341401-yk0s70 sitelibdir\=./.gem.20260118-1341401-yk0s70 install
/usr/bin/install -c -m 0755 date_core.so ./.gem.20260118-1341401-yk0s70

current directory: /home/ubuntu/tms/vendor/bundle/ruby/3.2.0/gems/date-3.5.0/ext/date
make DESTDIR\= sitearchdir\=./.gem.20260118-1341401-yk0s70 sitelibdir\=./.gem.20260118-1341401-yk0s70 clean
